[2026-02-10 20:59:43,419: INFO: main: Starting the main script execution.]
[2026-02-11 11:29:58,871: INFO: main: >>>>>> stage Data Ingestion stage started <<<<<<]
[2026-02-11 11:29:58,873: INFO: common: yaml file: config/config.yaml loaded successfully]
[2026-02-11 11:29:58,875: INFO: common: yaml file: params.yaml loaded successfully]
[2026-02-11 11:29:58,876: ERROR: main: yaml file is empty]
Traceback (most recent call last):
  File "/home/ridhwanpc/datascience/datascience_end2end/basic_project/src/datascience/utils/common.py", line 31, in read_yaml
    return ConfigBox(content)
  File "box/box.py", line 295, in box.box.Box.__init__
box.exceptions.BoxValueError: First argument must be mapping or iterable

During handling of the above exception, another exception occurred:

Traceback (most recent call last):
  File "/home/ridhwanpc/datascience/datascience_end2end/basic_project/main.py", line 12, in <module>
    data_ingestion.initiate_data_ingestion()
  File "/home/ridhwanpc/datascience/datascience_end2end/basic_project/src/datascience/pipeline/data_ingestion_pipeline.py", line 13, in initiate_data_ingestion
    config=ConfigurationManager()
  File "/home/ridhwanpc/datascience/datascience_end2end/basic_project/src/datascience/config/configuration.py", line 14, in __init__
    self.params=read_yaml(params_filepath)
  File "/home/ridhwanpc/miniconda3/envs/datascience_basic/lib/python3.10/site-packages/ensure/main.py", line 872, in __call__
    return_val = self.f(*args, **kwargs)
  File "/home/ridhwanpc/datascience/datascience_end2end/basic_project/src/datascience/utils/common.py", line 33, in read_yaml
    raise ValueError("yaml file is empty")
ValueError: yaml file is empty
[2026-02-11 14:24:05,376: INFO: main: >>>>>> stage Data Ingestion stage started <<<<<<]
[2026-02-11 14:24:05,379: INFO: common: yaml file: config/config.yaml loaded successfully]
[2026-02-11 14:24:05,381: INFO: common: yaml file: params.yaml loaded successfully]
[2026-02-11 14:24:05,382: INFO: common: yaml file: schema.yaml loaded successfully]
[2026-02-11 14:24:05,384: INFO: common: created directory at: artifacts]
[2026-02-11 14:24:05,385: INFO: common: created directory at: artifacts/data_ingestion]
[2026-02-11 14:24:06,023: INFO: data_ingestion: artifacts/data_ingestion/data.zip download! with following info: 
Date: Wed, 11 Feb 2026 06:24:06 GMT
Content-Type: text/html; charset=utf-8
Vary: X-PJAX, X-PJAX-Container, Turbo-Visit, Turbo-Frame, X-Requested-With, Sec-Fetch-Site,Accept-Encoding, Accept, X-Requested-With
x-repository-download: git clone https://github.com/ridhwanrazaliwork/Datasets.git
x-raw-download: https://raw.githubusercontent.com/ridhwanrazaliwork/Datasets/main/winequality-data.zip
ETag: W/"281131fa6f1e266fa37f9c4bf864fd23"
Cache-Control: max-age=0, private, must-revalidate
Strict-Transport-Security: max-age=31536000; includeSubdomains; preload
X-Frame-Options: deny
X-Content-Type-Options: nosniff
X-XSS-Protection: 0
Referrer-Policy: no-referrer-when-downgrade
Content-Security-Policy: default-src 'none'; base-uri 'self'; child-src github.githubassets.com github.com/assets-cdn/worker/ github.com/assets/ gist.github.com/assets-cdn/worker/; connect-src 'self' uploads.github.com www.githubstatus.com collector.github.com raw.githubusercontent.com api.github.com github-cloud.s3.amazonaws.com github-production-repository-file-5c1aeb.s3.amazonaws.com github-production-upload-manifest-file-7fdce7.s3.amazonaws.com github-production-user-asset-6210df.s3.amazonaws.com *.rel.tunnels.api.visualstudio.com wss://*.rel.tunnels.api.visualstudio.com github.githubassets.com objects-origin.githubusercontent.com copilot-proxy.githubusercontent.com proxy.individual.githubcopilot.com proxy.business.githubcopilot.com proxy.enterprise.githubcopilot.com *.actions.githubusercontent.com wss://*.actions.githubusercontent.com productionresultssa0.blob.core.windows.net/ productionresultssa1.blob.core.windows.net/ productionresultssa2.blob.core.windows.net/ productionresultssa3.blob.core.windows.net/ productionresultssa4.blob.core.windows.net/ productionresultssa5.blob.core.windows.net/ productionresultssa6.blob.core.windows.net/ productionresultssa7.blob.core.windows.net/ productionresultssa8.blob.core.windows.net/ productionresultssa9.blob.core.windows.net/ productionresultssa10.blob.core.windows.net/ productionresultssa11.blob.core.windows.net/ productionresultssa12.blob.core.windows.net/ productionresultssa13.blob.core.windows.net/ productionresultssa14.blob.core.windows.net/ productionresultssa15.blob.core.windows.net/ productionresultssa16.blob.core.windows.net/ productionresultssa17.blob.core.windows.net/ productionresultssa18.blob.core.windows.net/ productionresultssa19.blob.core.windows.net/ github-production-repository-image-32fea6.s3.amazonaws.com github-production-release-asset-2e65be.s3.amazonaws.com insights.github.com wss://alive.github.com wss://alive-staging.github.com api.githubcopilot.com api.individual.githubcopilot.com api.business.githubcopilot.com api.enterprise.githubcopilot.com; font-src github.githubassets.com; form-action 'self' github.com gist.github.com copilot-workspace.githubnext.com objects-origin.githubusercontent.com; frame-ancestors 'none'; frame-src viewscreen.githubusercontent.com notebooks.githubusercontent.com; img-src 'self' data: blob: github.githubassets.com media.githubusercontent.com camo.githubusercontent.com identicons.github.com avatars.githubusercontent.com private-avatars.githubusercontent.com github-cloud.s3.amazonaws.com objects.githubusercontent.com release-assets.githubusercontent.com secured-user-images.githubusercontent.com/ user-images.githubusercontent.com/ private-user-images.githubusercontent.com opengraph.githubassets.com marketplace-screenshots.githubusercontent.com/ copilotprodattachments.blob.core.windows.net/github-production-copilot-attachments/ github-production-user-asset-6210df.s3.amazonaws.com customer-stories-feed.github.com spotlights-feed.github.com objects-origin.githubusercontent.com *.githubusercontent.com; manifest-src 'self'; media-src github.com user-images.githubusercontent.com/ secured-user-images.githubusercontent.com/ private-user-images.githubusercontent.com github-production-user-asset-6210df.s3.amazonaws.com gist.github.com github.githubassets.com; script-src github.githubassets.com; style-src 'unsafe-inline' github.githubassets.com; upgrade-insecure-requests; worker-src github.githubassets.com github.com/assets-cdn/worker/ github.com/assets/ gist.github.com/assets-cdn/worker/
Server: github.com
Accept-Ranges: bytes
Set-Cookie: _gh_sess=3OGe%2FacjcrFo2hM340%2BQwZGQKb75CjTx2wpQeOddzTuFvluBkwenUoHawnhFdbMeGwmRP4aDJTn8GdLMXp8nr0K%2BJe0%2FakkfxuJlJdCsDrIzb%2FZr7rVY0Gn04UCuujFH8OFaPXfL0qqxRMWJZa63V%2B5euSozzfssHGnmavoYxrVwAftpluyKEj5BSprPNelu6W7HySNbtF3aAcep%2FXp756LqiOkgxfz%2BFbBcyV4LlPhAw8cDq1dZmoGa1ZP3N0w53X%2Ba%2Bo73QinyR%2BwMUZvkxw%3D%3D--xQynBDJteXjk4geN--ozEoLWWxwnJdV0jPZCFVvA%3D%3D; Path=/; HttpOnly; Secure; SameSite=Lax
Set-Cookie: _octo=GH1.1.995999973.1770791045; Path=/; Domain=github.com; Expires=Thu, 11 Feb 2027 06:24:05 GMT; Secure; SameSite=Lax
Set-Cookie: logged_in=no; Path=/; Domain=github.com; Expires=Thu, 11 Feb 2027 06:24:05 GMT; HttpOnly; Secure; SameSite=Lax
X-GitHub-Request-Id: 49DE:3BBED8:2AE655:2FA5F9:698C2085
connection: close
Transfer-Encoding: chunked

]
[2026-02-11 14:24:06,024: ERROR: main: File is not a zip file]
Traceback (most recent call last):
  File "/home/ridhwanpc/datascience/datascience_end2end/basic_project/main.py", line 12, in <module>
    data_ingestion.initiate_data_ingestion()
  File "/home/ridhwanpc/datascience/datascience_end2end/basic_project/src/datascience/pipeline/data_ingestion_pipeline.py", line 17, in initiate_data_ingestion
    data_ingestion.extract_zip_file()
  File "/home/ridhwanpc/datascience/datascience_end2end/basic_project/src/datascience/components/data_ingestion.py", line 33, in extract_zip_file
    with zipfile.ZipFile(self.config.local_data_file, 'r') as zip_ref:
  File "/home/ridhwanpc/miniconda3/envs/datascience_basic/lib/python3.10/zipfile.py", line 1288, in __init__
    self._RealGetContents()
  File "/home/ridhwanpc/miniconda3/envs/datascience_basic/lib/python3.10/zipfile.py", line 1355, in _RealGetContents
    raise BadZipFile("File is not a zip file")
zipfile.BadZipFile: File is not a zip file
[2026-02-11 14:57:21,122: INFO: main: >>>>>> stage Data Ingestion stage started <<<<<<]
[2026-02-11 14:57:21,125: INFO: common: yaml file: config/config.yaml loaded successfully]
[2026-02-11 14:57:21,127: INFO: common: yaml file: params.yaml loaded successfully]
[2026-02-11 14:57:21,128: INFO: common: yaml file: schema.yaml loaded successfully]
[2026-02-11 14:57:21,129: INFO: common: created directory at: artifacts]
[2026-02-11 14:57:21,129: INFO: common: created directory at: artifacts/data_ingestion]
[2026-02-11 14:57:21,129: INFO: data_ingestion: File already exists]
[2026-02-11 14:57:21,130: ERROR: main: File is not a zip file]
Traceback (most recent call last):
  File "/home/ridhwanpc/datascience/datascience_end2end/basic_project/main.py", line 12, in <module>
    data_ingestion.initiate_data_ingestion()
  File "/home/ridhwanpc/datascience/datascience_end2end/basic_project/src/datascience/pipeline/data_ingestion_pipeline.py", line 17, in initiate_data_ingestion
    data_ingestion.extract_zip_file()
  File "/home/ridhwanpc/datascience/datascience_end2end/basic_project/src/datascience/components/data_ingestion.py", line 33, in extract_zip_file
    with zipfile.ZipFile(self.config.local_data_file, 'r') as zip_ref:
  File "/home/ridhwanpc/miniconda3/envs/datascience_basic/lib/python3.10/zipfile.py", line 1288, in __init__
    self._RealGetContents()
  File "/home/ridhwanpc/miniconda3/envs/datascience_basic/lib/python3.10/zipfile.py", line 1355, in _RealGetContents
    raise BadZipFile("File is not a zip file")
zipfile.BadZipFile: File is not a zip file
[2026-02-11 15:27:00,659: INFO: main: >>>>>> stage Data Ingestion stage started <<<<<<]
[2026-02-11 15:27:00,662: INFO: common: yaml file: config/config.yaml loaded successfully]
[2026-02-11 15:27:00,664: INFO: common: yaml file: params.yaml loaded successfully]
[2026-02-11 15:27:00,666: INFO: common: yaml file: schema.yaml loaded successfully]
[2026-02-11 15:27:00,666: INFO: common: created directory at: artifacts]
[2026-02-11 15:27:00,666: INFO: common: created directory at: artifacts/data_ingestion]
[2026-02-11 15:27:00,666: INFO: data_ingestion: File already exists]
[2026-02-11 15:27:00,667: ERROR: main: File is not a zip file]
Traceback (most recent call last):
  File "/home/ridhwanpc/datascience/datascience_end2end/basic_project/main.py", line 12, in <module>
    data_ingestion.initiate_data_ingestion()
  File "/home/ridhwanpc/datascience/datascience_end2end/basic_project/src/datascience/pipeline/data_ingestion_pipeline.py", line 17, in initiate_data_ingestion
    data_ingestion.extract_zip_file()
  File "/home/ridhwanpc/datascience/datascience_end2end/basic_project/src/datascience/components/data_ingestion.py", line 33, in extract_zip_file
    with zipfile.ZipFile(self.config.local_data_file, 'r') as zip_ref:
  File "/home/ridhwanpc/miniconda3/envs/datascience_basic/lib/python3.10/zipfile.py", line 1288, in __init__
    self._RealGetContents()
  File "/home/ridhwanpc/miniconda3/envs/datascience_basic/lib/python3.10/zipfile.py", line 1355, in _RealGetContents
    raise BadZipFile("File is not a zip file")
zipfile.BadZipFile: File is not a zip file
[2026-02-11 15:27:33,978: INFO: main: >>>>>> stage Data Ingestion stage started <<<<<<]
[2026-02-11 15:27:33,981: INFO: common: yaml file: config/config.yaml loaded successfully]
[2026-02-11 15:27:33,981: INFO: common: yaml file: params.yaml loaded successfully]
[2026-02-11 15:27:33,982: INFO: common: yaml file: schema.yaml loaded successfully]
[2026-02-11 15:27:33,983: INFO: common: created directory at: artifacts]
[2026-02-11 15:27:33,983: INFO: common: created directory at: artifacts/data_ingestion]
[2026-02-11 15:27:33,983: INFO: data_ingestion: File already exists]
[2026-02-11 15:27:33,983: ERROR: main: File is not a zip file]
Traceback (most recent call last):
  File "/home/ridhwanpc/datascience/datascience_end2end/basic_project/main.py", line 12, in <module>
    data_ingestion.initiate_data_ingestion()
  File "/home/ridhwanpc/datascience/datascience_end2end/basic_project/src/datascience/pipeline/data_ingestion_pipeline.py", line 17, in initiate_data_ingestion
    data_ingestion.extract_zip_file()
  File "/home/ridhwanpc/datascience/datascience_end2end/basic_project/src/datascience/components/data_ingestion.py", line 33, in extract_zip_file
    with zipfile.ZipFile(self.config.local_data_file, 'r') as zip_ref:
  File "/home/ridhwanpc/miniconda3/envs/datascience_basic/lib/python3.10/zipfile.py", line 1288, in __init__
    self._RealGetContents()
  File "/home/ridhwanpc/miniconda3/envs/datascience_basic/lib/python3.10/zipfile.py", line 1355, in _RealGetContents
    raise BadZipFile("File is not a zip file")
zipfile.BadZipFile: File is not a zip file
[2026-02-11 15:32:21,439: INFO: main: >>>>>> stage Data Ingestion stage started <<<<<<]
[2026-02-11 15:32:21,442: INFO: common: yaml file: config/config.yaml loaded successfully]
[2026-02-11 15:32:21,444: INFO: common: yaml file: params.yaml loaded successfully]
[2026-02-11 15:32:21,446: INFO: common: yaml file: schema.yaml loaded successfully]
[2026-02-11 15:32:21,446: INFO: common: created directory at: artifacts]
[2026-02-11 15:32:21,446: INFO: common: created directory at: artifacts/data_ingestion]
[2026-02-11 15:32:22,167: INFO: data_ingestion: artifacts/data_ingestion/data.zip download! with following info: 
Connection: close
Content-Length: 23329
Cache-Control: max-age=300
Content-Security-Policy: default-src 'none'; style-src 'unsafe-inline'; sandbox
Content-Type: application/zip
ETag: "c69888a4ae59bc5a893392785a938ccd4937981c06ba8a9d6a21aa52b4ab5b6e"
Strict-Transport-Security: max-age=31536000
X-Content-Type-Options: nosniff
X-Frame-Options: deny
X-XSS-Protection: 1; mode=block
X-GitHub-Request-Id: 3303:342687:8E5CB0:A90930:698C3087
Accept-Ranges: bytes
Date: Wed, 11 Feb 2026 07:32:23 GMT
Via: 1.1 varnish
X-Served-By: cache-sjc1000107-SJC
X-Cache: MISS
X-Cache-Hits: 0
X-Timer: S1770795144.596905,VS0,VE91
Vary: Authorization,Accept-Encoding
Access-Control-Allow-Origin: *
Cross-Origin-Resource-Policy: cross-origin
X-Fastly-Request-ID: cfdf26c0f900a30cc2313654ff56b57f4bdb8958
Expires: Wed, 11 Feb 2026 07:37:23 GMT
Source-Age: 0

]
[2026-02-11 15:32:22,169: INFO: main: >>>>>> stage Data Ingestion stage completed <<<<<<

x==========x]
